// Vitest Snapshot v1, https://vitest.dev/guide/snapshot.html

exports[`Worksheet > match failure returns BASIC output 1`] = `
"{
  "valid": false,
  "errors": [
    {
      "keyword": "https://json-schema.org/keyword/type",
      "absoluteKeywordLocation": "https://example.com/main#/type",
      "instanceLocation": "#"
    }
  ]
}"
`;
